[2023-03-11 17:38:57] local.ERROR: syntax error, unexpected identifier "Route" {"exception":"[object] (ParseError(code: 0): syntax error, unexpected identifier \"Route\" at C:\\Users\\HP FOLIO 9470m\\Desktop\\StageProjet\\ismo-project\\routes\\web.php:28)
[2023-03-11 17:39:01] local.ERROR: syntax error, unexpected identifier "Route" {"exception":"[object] (ParseError(code: 0): syntax error, unexpected identifier \"Route\" at C:\\Users\\HP FOLIO 9470m\\Desktop\\StageProjet\\ismo-project\\routes\\web.php:28)
[2023-03-11 17:39:01] local.ERROR: syntax error, unexpected identifier "Route" {"exception":"[object] (ParseError(code: 0): syntax error, unexpected identifier \"Route\" at C:\\Users\\HP FOLIO 9470m\\Desktop\\StageProjet\\ismo-project\\routes\\web.php:28)
[2023-03-11 17:39:02] local.ERROR: syntax error, unexpected identifier "Route" {"exception":"[object] (ParseError(code: 0): syntax error, unexpected identifier \"Route\" at C:\\Users\\HP FOLIO 9470m\\Desktop\\StageProjet\\ismo-project\\routes\\web.php:28)
[2023-03-11 17:39:03] local.ERROR: syntax error, unexpected identifier "Route" {"exception":"[object] (ParseError(code: 0): syntax error, unexpected identifier \"Route\" at C:\\Users\\HP FOLIO 9470m\\Desktop\\StageProjet\\ismo-project\\routes\\web.php:28)
[2023-03-11 17:39:04] local.ERROR: syntax error, unexpected identifier "Route" {"exception":"[object] (ParseError(code: 0): syntax error, unexpected identifier \"Route\" at C:\\Users\\HP FOLIO 9470m\\Desktop\\StageProjet\\ismo-project\\routes\\web.php:28)
[2023-03-11 17:39:07] local.ERROR: syntax error, unexpected token ")", expecting "{" {"exception":"[object] (ParseError(code: 0): syntax error, unexpected token \")\", expecting \"{\" at C:\\Users\\HP FOLIO 9470m\\Desktop\\StageProjet\\ismo-project\\routes\\web.php:27)
[2023-03-11 17:39:11] local.ERROR: syntax error, unexpected token ";", expecting "{" {"exception":"[object] (ParseError(code: 0): syntax error, unexpected token \";\", expecting \"{\" at C:\\Users\\HP FOLIO 9470m\\Desktop\\StageProjet\\ismo-project\\routes\\web.php:27)
[2023-03-11 17:39:14] local.ERROR: syntax error, unexpected token ")", expecting "{" {"exception":"[object] (ParseError(code: 0): syntax error, unexpected token \")\", expecting \"{\" at C:\\Users\\HP FOLIO 9470m\\Desktop\\StageProjet\\ismo-project\\routes\\web.php:27)
[2023-03-11 17:39:20] local.ERROR: syntax error, unexpected token "}" {"exception":"[object] (ParseError(code: 0): syntax error, unexpected token \"}\" at C:\\Users\\HP FOLIO 9470m\\Desktop\\StageProjet\\ismo-project\\routes\\web.php:29)
[2023-03-11 17:39:23] local.ERROR: syntax error, unexpected token "}", expecting ";" {"exception":"[object] (ParseError(code: 0): syntax error, unexpected token \"}\", expecting \";\" at C:\\Users\\HP FOLIO 9470m\\Desktop\\StageProjet\\ismo-project\\routes\\web.php:29)
[2023-03-11 17:39:28] local.ERROR: syntax error, unexpected token "}" {"exception":"[object] (ParseError(code: 0): syntax error, unexpected token \"}\" at C:\\Users\\HP FOLIO 9470m\\Desktop\\StageProjet\\ismo-project\\routes\\web.php:29)
[2023-03-11 17:39:30] local.ERROR: syntax error, unexpected token "}", expecting ";" {"exception":"[object] (ParseError(code: 0): syntax error, unexpected token \"}\", expecting \";\" at C:\\Users\\HP FOLIO 9470m\\Desktop\\StageProjet\\ismo-project\\routes\\web.php:29)
[2023-03-11 17:39:34] local.ERROR: syntax error, unexpected token "}", expecting ";" {"exception":"[object] (ParseError(code: 0): syntax error, unexpected token \"}\", expecting \";\" at C:\\Users\\HP FOLIO 9470m\\Desktop\\StageProjet\\ismo-project\\routes\\web.php:29)
[2023-03-11 17:39:35] local.ERROR: syntax error, unexpected token "}", expecting ";" {"exception":"[object] (ParseError(code: 0): syntax error, unexpected token \"}\", expecting \";\" at C:\\Users\\HP FOLIO 9470m\\Desktop\\StageProjet\\ismo-project\\routes\\web.php:29)
[2023-03-11 17:39:40] local.ERROR: syntax error, unexpected token "}", expecting ";" {"exception":"[object] (ParseError(code: 0): syntax error, unexpected token \"}\", expecting \";\" at C:\\Users\\HP FOLIO 9470m\\Desktop\\StageProjet\\ismo-project\\routes\\web.php:29)
[2023-03-11 17:52:05] local.ERROR: syntax error, unexpected identifier "Route" {"exception":"[object] (ParseError(code: 0): syntax error, unexpected identifier \"Route\" at C:\\Users\\HP FOLIO 9470m\\Desktop\\StageProjet\\ismo-project\\routes\\web.php:28)
[2023-03-11 17:52:10] local.ERROR: syntax error, unexpected identifier "Route" {"exception":"[object] (ParseError(code: 0): syntax error, unexpected identifier \"Route\" at C:\\Users\\HP FOLIO 9470m\\Desktop\\StageProjet\\ismo-project\\routes\\web.php:28)
[2023-03-11 17:52:16] local.ERROR: syntax error, unexpected token ")", expecting "(" {"exception":"[object] (ParseError(code: 0): syntax error, unexpected token \")\", expecting \"(\" at C:\\Users\\HP FOLIO 9470m\\Desktop\\StageProjet\\ismo-project\\routes\\web.php:27)
[2023-03-11 17:52:20] local.ERROR: syntax error, unexpected identifier "Route" {"exception":"[object] (ParseError(code: 0): syntax error, unexpected identifier \"Route\" at C:\\Users\\HP FOLIO 9470m\\Desktop\\StageProjet\\ismo-project\\routes\\web.php:30)
[2023-03-11 17:52:29] local.ERROR: syntax error, unexpected token "}" {"exception":"[object] (ParseError(code: 0): syntax error, unexpected token \"}\" at C:\\Users\\HP FOLIO 9470m\\Desktop\\StageProjet\\ismo-project\\routes\\web.php:29)
[2023-03-11 17:52:33] local.ERROR: syntax error, unexpected token "}", expecting ";" {"exception":"[object] (ParseError(code: 0): syntax error, unexpected token \"}\", expecting \";\" at C:\\Users\\HP FOLIO 9470m\\Desktop\\StageProjet\\ismo-project\\routes\\web.php:29)
[2023-03-11 17:52:37] local.ERROR: syntax error, unexpected token "}", expecting ";" {"exception":"[object] (ParseError(code: 0): syntax error, unexpected token \"}\", expecting \";\" at C:\\Users\\HP FOLIO 9470m\\Desktop\\StageProjet\\ismo-project\\routes\\web.php:29)
[2023-03-11 17:52:38] local.ERROR: syntax error, unexpected token "}", expecting ";" {"exception":"[object] (ParseError(code: 0): syntax error, unexpected token \"}\", expecting \";\" at C:\\Users\\HP FOLIO 9470m\\Desktop\\StageProjet\\ismo-project\\routes\\web.php:29)
[2023-03-14 13:50:25] local.ERROR: SQLSTATE[42000]: Syntax error or access violation: 1075 Incorrect table definition; there can be only one auto column and it must be defined as a key (SQL: create table `professeur` (`id` bigint unsigned not null auto_increment primary key, `nom` varchar(255) not null, `prenom` varchar(255) not null, `date_naissance` date not null, `id_users` bigint unsigned not null auto_increment primary key) default character set utf8mb4 collate 'utf8mb4_unicode_ci') {"exception":"[object] (Illuminate\\Database\\QueryException(code: 42000): SQLSTATE[42000]: Syntax error or access violation: 1075 Incorrect table definition; there can be only one auto column and it must be defined as a key (SQL: create table `professeur` (`id` bigint unsigned not null auto_increment primary key, `nom` varchar(255) not null, `prenom` varchar(255) not null, `date_naissance` date not null, `id_users` bigint unsigned not null auto_increment primary key) default character set utf8mb4 collate 'utf8mb4_unicode_ci') at C:\\Users\\HP FOLIO 9470m\\Desktop\\StageProjet\\ismo-project\\vendor\\laravel\\framework\\src\\Illuminate\\Database\\Connection.php:760)
[previous exception] [object] (PDOException(code: 42000): SQLSTATE[42000]: Syntax error or access violation: 1075 Incorrect table definition; there can be only one auto column and it must be defined as a key at C:\\Users\\HP FOLIO 9470m\\Desktop\\StageProjet\\ismo-project\\vendor\\laravel\\framework\\src\\Illuminate\\Database\\Connection.php:545)
[2023-03-16 08:35:09] local.ERROR: SQLSTATE[42000]: Syntax error or access violation: 1067 Invalid default value for 'id_inscriptions' (SQL: create table `inscription_classes` (`id_inscriptions` bigint unsigned not null default '2023-03-16 08:35:08', `id_classes` bigint unsigned not null default '2023') default character set utf8mb4 collate 'utf8mb4_unicode_ci') {"exception":"[object] (Illuminate\\Database\\QueryException(code: 42000): SQLSTATE[42000]: Syntax error or access violation: 1067 Invalid default value for 'id_inscriptions' (SQL: create table `inscription_classes` (`id_inscriptions` bigint unsigned not null default '2023-03-16 08:35:08', `id_classes` bigint unsigned not null default '2023') default character set utf8mb4 collate 'utf8mb4_unicode_ci') at C:\\Users\\HP FOLIO 9470m\\Desktop\\StageProjet\\ismo-project\\vendor\\laravel\\framework\\src\\Illuminate\\Database\\Connection.php:760)
[previous exception] [object] (PDOException(code: 42000): SQLSTATE[42000]: Syntax error or access violation: 1067 Invalid default value for 'id_inscriptions' at C:\\Users\\HP FOLIO 9470m\\Desktop\\StageProjet\\ismo-project\\vendor\\laravel\\framework\\src\\Illuminate\\Database\\Connection.php:545)
[2023-03-16 10:36:25] local.ERROR: syntax error, unexpected identifier "Route" {"exception":"[object] (ParseError(code: 0): syntax error, unexpected identifier \"Route\" at C:\\Users\\HP FOLIO 9470m\\Desktop\\StageProjet\\ismo-project\\routes\\web.php:31)
[2023-03-16 10:36:27] local.ERROR: syntax error, unexpected identifier "Route" {"exception":"[object] (ParseError(code: 0): syntax error, unexpected identifier \"Route\" at C:\\Users\\HP FOLIO 9470m\\Desktop\\StageProjet\\ismo-project\\routes\\web.php:31)
[2023-03-16 10:36:30] local.ERROR: syntax error, unexpected identifier "Route" {"exception":"[object] (ParseError(code: 0): syntax error, unexpected identifier \"Route\" at C:\\Users\\HP FOLIO 9470m\\Desktop\\StageProjet\\ismo-project\\routes\\web.php:31)
[2023-03-16 10:36:33] local.ERROR: syntax error, unexpected identifier "Route" {"exception":"[object] (ParseError(code: 0): syntax error, unexpected identifier \"Route\" at C:\\Users\\HP FOLIO 9470m\\Desktop\\StageProjet\\ismo-project\\routes\\web.php:31)
[2023-03-16 10:36:37] local.ERROR: syntax error, unexpected identifier "Route" {"exception":"[object] (ParseError(code: 0): syntax error, unexpected identifier \"Route\" at C:\\Users\\HP FOLIO 9470m\\Desktop\\StageProjet\\ismo-project\\routes\\web.php:31)
[2023-03-16 10:36:43] local.ERROR: syntax error, unexpected identifier "Route" {"exception":"[object] (ParseError(code: 0): syntax error, unexpected identifier \"Route\" at C:\\Users\\HP FOLIO 9470m\\Desktop\\StageProjet\\ismo-project\\routes\\web.php:31)
[2023-03-16 10:36:48] local.ERROR: syntax error, unexpected identifier "Route" {"exception":"[object] (ParseError(code: 0): syntax error, unexpected identifier \"Route\" at C:\\Users\\HP FOLIO 9470m\\Desktop\\StageProjet\\ismo-project\\routes\\web.php:31)
[2023-03-16 10:36:53] local.ERROR: syntax error, unexpected identifier "Route" {"exception":"[object] (ParseError(code: 0): syntax error, unexpected identifier \"Route\" at C:\\Users\\HP FOLIO 9470m\\Desktop\\StageProjet\\ismo-project\\routes\\web.php:31)
[2023-03-16 10:36:56] local.ERROR: syntax error, unexpected identifier "Route" {"exception":"[object] (ParseError(code: 0): syntax error, unexpected identifier \"Route\" at C:\\Users\\HP FOLIO 9470m\\Desktop\\StageProjet\\ismo-project\\routes\\web.php:31)
[2023-03-16 10:37:00] local.ERROR: syntax error, unexpected identifier "Route" {"exception":"[object] (ParseError(code: 0): syntax error, unexpected identifier \"Route\" at C:\\Users\\HP FOLIO 9470m\\Desktop\\StageProjet\\ismo-project\\routes\\web.php:32)
[2023-03-16 10:37:04] local.ERROR: syntax error, unexpected token "]" {"exception":"[object] (ParseError(code: 0): syntax error, unexpected token \"]\" at C:\\Users\\HP FOLIO 9470m\\Desktop\\StageProjet\\ismo-project\\routes\\web.php:31)
[2023-03-16 10:37:08] local.ERROR: syntax error, unexpected token ";", expecting ")" {"exception":"[object] (ParseError(code: 0): syntax error, unexpected token \";\", expecting \")\" at C:\\Users\\HP FOLIO 9470m\\Desktop\\StageProjet\\ismo-project\\routes\\web.php:31)
[2023-03-16 10:37:40] local.ERROR: syntax error, unexpected identifier "Route" {"exception":"[object] (ParseError(code: 0): syntax error, unexpected identifier \"Route\" at C:\\Users\\HP FOLIO 9470m\\Desktop\\StageProjet\\ismo-project\\routes\\web.php:32)
[2023-03-16 11:13:27] local.ERROR: syntax error, unexpected token ";" {"exception":"[object] (ParseError(code: 0): syntax error, unexpected token \";\" at C:\\Users\\HP FOLIO 9470m\\Desktop\\StageProjet\\ismo-project\\routes\\web.php:32)
[2023-03-17 09:30:16] local.ERROR: SQLSTATE[42000]: Syntax error or access violation: 1071 Specified key was too long; max key length is 1000 bytes (SQL: alter table `users` add unique `users_email_unique`(`email`)) {"exception":"[object] (Illuminate\\Database\\QueryException(code: 42000): SQLSTATE[42000]: Syntax error or access violation: 1071 Specified key was too long; max key length is 1000 bytes (SQL: alter table `users` add unique `users_email_unique`(`email`)) at C:\\Users\\HP FOLIO 9470m\\Desktop\\StageProjet\\ismo-project\\vendor\\laravel\\framework\\src\\Illuminate\\Database\\Connection.php:760)
[previous exception] [object] (PDOException(code: 42000): SQLSTATE[42000]: Syntax error or access violation: 1071 Specified key was too long; max key length is 1000 bytes at C:\\Users\\HP FOLIO 9470m\\Desktop\\StageProjet\\ismo-project\\vendor\\laravel\\framework\\src\\Illuminate\\Database\\Connection.php:545)
[2023-03-18 15:12:41] local.ERROR: SQLSTATE[HY000]: General error: 1364 Field 'id_inscriptions' doesn't have a default value (SQL: insert into `stagiaires` (`nom`, `prenom`, `date_naissance`, `id_users`) values (mrabet, ikhlas, 2003-11-07 00:00:00, 7)) {"exception":"[object] (Illuminate\\Database\\QueryException(code: HY000): SQLSTATE[HY000]: General error: 1364 Field 'id_inscriptions' doesn't have a default value (SQL: insert into `stagiaires` (`nom`, `prenom`, `date_naissance`, `id_users`) values (mrabet, ikhlas, 2003-11-07 00:00:00, 7)) at C:\\Users\\HP FOLIO 9470m\\Desktop\\StageProjet\\ismo-project\\vendor\\laravel\\framework\\src\\Illuminate\\Database\\Connection.php:760)
[previous exception] [object] (PDOException(code: HY000): SQLSTATE[HY000]: General error: 1364 Field 'id_inscriptions' doesn't have a default value at C:\\Users\\HP FOLIO 9470m\\Desktop\\StageProjet\\ismo-project\\vendor\\laravel\\framework\\src\\Illuminate\\Database\\Connection.php:545)
[2023-03-18 15:13:51] local.ERROR: SQLSTATE[HY000]: General error: 1364 Field 'id_inscriptions' doesn't have a default value (SQL: insert into `stagiaires` (`nom`, `prenom`, `date_naissance`, `id_users`) values (mrabet, ikhlas, 2003-11-07 00:00:00, 8)) {"exception":"[object] (Illuminate\\Database\\QueryException(code: HY000): SQLSTATE[HY000]: General error: 1364 Field 'id_inscriptions' doesn't have a default value (SQL: insert into `stagiaires` (`nom`, `prenom`, `date_naissance`, `id_users`) values (mrabet, ikhlas, 2003-11-07 00:00:00, 8)) at C:\\Users\\HP FOLIO 9470m\\Desktop\\StageProjet\\ismo-project\\vendor\\laravel\\framework\\src\\Illuminate\\Database\\Connection.php:760)
[previous exception] [object] (PDOException(code: HY000): SQLSTATE[HY000]: General error: 1364 Field 'id_inscriptions' doesn't have a default value at C:\\Users\\HP FOLIO 9470m\\Desktop\\StageProjet\\ismo-project\\vendor\\laravel\\framework\\src\\Illuminate\\Database\\Connection.php:545)
[2023-03-18 15:25:22] local.ERROR: SQLSTATE[HY000]: General error: 1364 Field 'id_niveaux' doesn't have a default value (SQL: insert into `inscriptions` () values ()) {"exception":"[object] (Illuminate\\Database\\QueryException(code: HY000): SQLSTATE[HY000]: General error: 1364 Field 'id_niveaux' doesn't have a default value (SQL: insert into `inscriptions` () values ()) at C:\\Users\\HP FOLIO 9470m\\Desktop\\StageProjet\\ismo-project\\vendor\\laravel\\framework\\src\\Illuminate\\Database\\Connection.php:760)
[previous exception] [object] (PDOException(code: HY000): SQLSTATE[HY000]: General error: 1364 Field 'id_niveaux' doesn't have a default value at C:\\Users\\HP FOLIO 9470m\\Desktop\\StageProjet\\ismo-project\\vendor\\laravel\\framework\\src\\Illuminate\\Database\\Connection.php:545)
[2023-03-19 16:47:43] local.ERROR: syntax error, unexpected token ";", expecting identifier or variable or "{" or "$" {"exception":"[object] (ParseError(code: 0): syntax error, unexpected token \";\", expecting identifier or variable or \"{\" or \"$\" at C:\\Users\\HP FOLIO 9470m\\Desktop\\StageProjet\\ismo-project\\routes\\web.php:45)
[2023-03-19 17:29:22] local.ERROR: syntax error, unexpected token ",", expecting "]" {"exception":"[object] (ParseError(code: 0): syntax error, unexpected token \",\", expecting \"]\" at C:\\Users\\HP FOLIO 9470m\\Desktop\\StageProjet\\ismo-project\\routes\\web.php:40)
[2023-03-19 17:29:26] local.ERROR: syntax error, unexpected token ",", expecting "(" {"exception":"[object] (ParseError(code: 0): syntax error, unexpected token \",\", expecting \"(\" at C:\\Users\\HP FOLIO 9470m\\Desktop\\StageProjet\\ismo-project\\routes\\web.php:40)
[2023-03-19 17:29:28] local.ERROR: syntax error, unexpected token ",", expecting "{" {"exception":"[object] (ParseError(code: 0): syntax error, unexpected token \",\", expecting \"{\" at C:\\Users\\HP FOLIO 9470m\\Desktop\\StageProjet\\ismo-project\\routes\\web.php:40)
[2023-03-19 17:29:36] local.ERROR: syntax error, unexpected token "}" {"exception":"[object] (ParseError(code: 0): syntax error, unexpected token \"}\" at C:\\Users\\HP FOLIO 9470m\\Desktop\\StageProjet\\ismo-project\\routes\\web.php:42)
[2023-03-19 17:29:41] local.ERROR: syntax error, unexpected token "}", expecting ";" {"exception":"[object] (ParseError(code: 0): syntax error, unexpected token \"}\", expecting \";\" at C:\\Users\\HP FOLIO 9470m\\Desktop\\StageProjet\\ismo-project\\routes\\web.php:42)
[2023-03-19 17:29:50] local.ERROR: syntax error, unexpected token "}", expecting ";" {"exception":"[object] (ParseError(code: 0): syntax error, unexpected token \"}\", expecting \";\" at C:\\Users\\HP FOLIO 9470m\\Desktop\\StageProjet\\ismo-project\\routes\\web.php:42)
[2023-03-19 17:29:56] local.ERROR: syntax error, unexpected token "}", expecting ";" {"exception":"[object] (ParseError(code: 0): syntax error, unexpected token \"}\", expecting \";\" at C:\\Users\\HP FOLIO 9470m\\Desktop\\StageProjet\\ismo-project\\routes\\web.php:42)
[2023-03-19 18:37:56] local.ERROR: syntax error, unexpected token ",", expecting ")" {"exception":"[object] (ParseError(code: 0): syntax error, unexpected token \",\", expecting \")\" at C:\\Users\\HP FOLIO 9470m\\Desktop\\StageProjet\\ismo-project\\routes\\web.php:46)
[2023-03-19 18:39:05] local.ERROR: syntax error, unexpected token ",", expecting ")" {"exception":"[object] (ParseError(code: 0): syntax error, unexpected token \",\", expecting \")\" at C:\\Users\\HP FOLIO 9470m\\Desktop\\StageProjet\\ismo-project\\routes\\web.php:50)
[2023-03-20 12:46:50] local.ERROR: syntax error, unexpected single-quoted string "auth", expecting ")" {"exception":"[object] (ParseError(code: 0): syntax error, unexpected single-quoted string \"auth\", expecting \")\" at C:\\Users\\HP FOLIO 9470m\\Desktop\\StageProjet\\ismo-project\\routes\\web.php:52)
[2023-03-20 12:46:57] local.ERROR: syntax error, unexpected single-quoted string "auth", expecting ")" {"exception":"[object] (ParseError(code: 0): syntax error, unexpected single-quoted string \"auth\", expecting \")\" at C:\\Users\\HP FOLIO 9470m\\Desktop\\StageProjet\\ismo-project\\routes\\web.php:57)
[2023-03-23 10:52:36] local.ERROR: SQLSTATE[42000]: Syntax error or access violation: 1066 Not unique table/alias: 'administrateurs' (SQL: select `users`.* from `administrateurs` inner join `administrateurs` on `users`.`id` = `administrateurs`.`id_users` where `id_users` = 3) {"userId":3,"exception":"[object] (Illuminate\\Database\\QueryException(code: 42000): SQLSTATE[42000]: Syntax error or access violation: 1066 Not unique table/alias: 'administrateurs' (SQL: select `users`.* from `administrateurs` inner join `administrateurs` on `users`.`id` = `administrateurs`.`id_users` where `id_users` = 3) at C:\\Users\\HP FOLIO 9470m\\Desktop\\StageProjet\\ismo-project\\vendor\\laravel\\framework\\src\\Illuminate\\Database\\Connection.php:760)
[previous exception] [object] (PDOException(code: 42000): SQLSTATE[42000]: Syntax error or access violation: 1066 Not unique table/alias: 'administrateurs' at C:\\Users\\HP FOLIO 9470m\\Desktop\\StageProjet\\ismo-project\\vendor\\laravel\\framework\\src\\Illuminate\\Database\\Connection.php:414)
[2023-03-23 14:18:52] local.ERROR: syntax error, unexpected token "]" {"exception":"[object] (ParseError(code: 0): syntax error, unexpected token \"]\" at C:\\Users\\HP FOLIO 9470m\\Desktop\\StageProjet\\ismo-project\\routes\\web.php:55)
[2023-03-23 14:18:59] local.ERROR: syntax error, unexpected token "->", expecting identifier or variable or "{" or "$" {"exception":"[object] (ParseError(code: 0): syntax error, unexpected token \"->\", expecting identifier or variable or \"{\" or \"$\" at C:\\Users\\HP FOLIO 9470m\\Desktop\\StageProjet\\ismo-project\\routes\\web.php:55)
[2023-03-23 23:00:28] local.ERROR: syntax error, unexpected identifier "Route" {"exception":"[object] (ParseError(code: 0): syntax error, unexpected identifier \"Route\" at C:\\Users\\HP FOLIO 9470m\\Desktop\\StageProjet\\ismo-project\\routes\\web.php:60)
[2023-03-23 23:00:29] local.ERROR: syntax error, unexpected identifier "Route" {"exception":"[object] (ParseError(code: 0): syntax error, unexpected identifier \"Route\" at C:\\Users\\HP FOLIO 9470m\\Desktop\\StageProjet\\ismo-project\\routes\\web.php:60)
[2023-03-23 23:00:33] local.ERROR: syntax error, unexpected identifier "Route" {"exception":"[object] (ParseError(code: 0): syntax error, unexpected identifier \"Route\" at C:\\Users\\HP FOLIO 9470m\\Desktop\\StageProjet\\ismo-project\\routes\\web.php:60)
[2023-03-23 23:00:37] local.ERROR: syntax error, unexpected identifier "Route" {"exception":"[object] (ParseError(code: 0): syntax error, unexpected identifier \"Route\" at C:\\Users\\HP FOLIO 9470m\\Desktop\\StageProjet\\ismo-project\\routes\\web.php:60)
[2023-03-23 23:00:42] local.ERROR: syntax error, unexpected identifier "Route" {"exception":"[object] (ParseError(code: 0): syntax error, unexpected identifier \"Route\" at C:\\Users\\HP FOLIO 9470m\\Desktop\\StageProjet\\ismo-project\\routes\\web.php:60)
[2023-03-23 23:00:45] local.ERROR: syntax error, unexpected identifier "Route" {"exception":"[object] (ParseError(code: 0): syntax error, unexpected identifier \"Route\" at C:\\Users\\HP FOLIO 9470m\\Desktop\\StageProjet\\ismo-project\\routes\\web.php:60)
[2023-03-24 00:16:05] local.ERROR: syntax error, unexpected token "->", expecting end of file {"exception":"[object] (ParseError(code: 0): syntax error, unexpected token \"->\", expecting end of file at C:\\Users\\HP FOLIO 9470m\\Desktop\\StageProjet\\ismo-project\\routes\\web.php:63)
[2023-03-24 09:25:22] local.ERROR: syntax error, unexpected token "," {"exception":"[object] (ParseError(code: 0): syntax error, unexpected token \",\" at C:\\Users\\HP FOLIO 9470m\\Desktop\\StageProjet\\ismo-project\\routes\\web.php:60)
[2023-03-24 09:25:33] local.ERROR: syntax error, unexpected identifier "Admin", expecting ")" {"exception":"[object] (ParseError(code: 0): syntax error, unexpected identifier \"Admin\", expecting \")\" at C:\\Users\\HP FOLIO 9470m\\Desktop\\StageProjet\\ismo-project\\routes\\web.php:61)
[2023-03-24 09:25:35] local.ERROR: syntax error, unexpected token "," {"exception":"[object] (ParseError(code: 0): syntax error, unexpected token \",\" at C:\\Users\\HP FOLIO 9470m\\Desktop\\StageProjet\\ismo-project\\routes\\web.php:60)
[2023-03-24 12:17:23] local.ERROR: SQLSTATE[HY000]: General error: 1364 Field 'date_inscription' doesn't have a default value (SQL: insert into `inscriptions` (`id_niveaux`) values (1)) {"exception":"[object] (Illuminate\\Database\\QueryException(code: HY000): SQLSTATE[HY000]: General error: 1364 Field 'date_inscription' doesn't have a default value (SQL: insert into `inscriptions` (`id_niveaux`) values (1)) at C:\\Users\\HP FOLIO 9470m\\Desktop\\StageProjet\\ismo-project\\vendor\\laravel\\framework\\src\\Illuminate\\Database\\Connection.php:760)
[previous exception] [object] (PDOException(code: HY000): SQLSTATE[HY000]: General error: 1364 Field 'date_inscription' doesn't have a default value at C:\\Users\\HP FOLIO 9470m\\Desktop\\StageProjet\\ismo-project\\vendor\\laravel\\framework\\src\\Illuminate\\Database\\Connection.php:545)
[2023-03-24 12:40:39] local.ERROR: SQLSTATE[HY000]: General error: 1364 Field 'date_inscription' doesn't have a default value (SQL: insert into `inscriptions` (`id_niveaux`) values (1)) {"exception":"[object] (Illuminate\\Database\\QueryException(code: HY000): SQLSTATE[HY000]: General error: 1364 Field 'date_inscription' doesn't have a default value (SQL: insert into `inscriptions` (`id_niveaux`) values (1)) at C:\\Users\\HP FOLIO 9470m\\Desktop\\StageProjet\\ismo-project\\vendor\\laravel\\framework\\src\\Illuminate\\Database\\Connection.php:760)
[previous exception] [object] (PDOException(code: HY000): SQLSTATE[HY000]: General error: 1364 Field 'date_inscription' doesn't have a default value at C:\\Users\\HP FOLIO 9470m\\Desktop\\StageProjet\\ismo-project\\vendor\\laravel\\framework\\src\\Illuminate\\Database\\Connection.php:545)
[2023-03-24 13:42:01] local.ERROR: SQLSTATE[42000]: Syntax error or access violation: 1067 Invalid default value for 'annee_scolaire' (SQL: create table `inscriptions` (`id` bigint unsigned not null auto_increment primary key, `date_inscription` date not null default '2023-03-24 13:42:01', `annee_scolaire` year not null default '2023-03-24 01:42:01', `id_niveaux` bigint unsigned not null) default character set utf8 collate 'utf8_unicode_ci') {"exception":"[object] (Illuminate\\Database\\QueryException(code: 42000): SQLSTATE[42000]: Syntax error or access violation: 1067 Invalid default value for 'annee_scolaire' (SQL: create table `inscriptions` (`id` bigint unsigned not null auto_increment primary key, `date_inscription` date not null default '2023-03-24 13:42:01', `annee_scolaire` year not null default '2023-03-24 01:42:01', `id_niveaux` bigint unsigned not null) default character set utf8 collate 'utf8_unicode_ci') at C:\\Users\\HP FOLIO 9470m\\Desktop\\StageProjet\\ismo-project\\vendor\\laravel\\framework\\src\\Illuminate\\Database\\Connection.php:760)
[previous exception] [object] (PDOException(code: 42000): SQLSTATE[42000]: Syntax error or access violation: 1067 Invalid default value for 'annee_scolaire' at C:\\Users\\HP FOLIO 9470m\\Desktop\\StageProjet\\ismo-project\\vendor\\laravel\\framework\\src\\Illuminate\\Database\\Connection.php:545)
[2023-03-24 13:53:10] local.ERROR: SQLSTATE[HY000]: General error: 3780 Referencing column 'id_niveaux' and referenced column 'id' in foreign key constraint 'classes_id_niveaux_foreign' are incompatible. (SQL: alter table `classes` add constraint `classes_id_niveaux_foreign` foreign key (`id_niveaux`) references `niveaux` (`id`) on delete cascade) {"exception":"[object] (Illuminate\\Database\\QueryException(code: HY000): SQLSTATE[HY000]: General error: 3780 Referencing column 'id_niveaux' and referenced column 'id' in foreign key constraint 'classes_id_niveaux_foreign' are incompatible. (SQL: alter table `classes` add constraint `classes_id_niveaux_foreign` foreign key (`id_niveaux`) references `niveaux` (`id`) on delete cascade) at C:\\Users\\HP FOLIO 9470m\\Desktop\\StageProjet\\ismo-project\\vendor\\laravel\\framework\\src\\Illuminate\\Database\\Connection.php:760)
[previous exception] [object] (PDOException(code: HY000): SQLSTATE[HY000]: General error: 3780 Referencing column 'id_niveaux' and referenced column 'id' in foreign key constraint 'classes_id_niveaux_foreign' are incompatible. at C:\\Users\\HP FOLIO 9470m\\Desktop\\StageProjet\\ismo-project\\vendor\\laravel\\framework\\src\\Illuminate\\Database\\Connection.php:545)
[2023-03-24 13:56:41] local.ERROR: SQLSTATE[HY000]: General error: 3780 Referencing column 'id_niveaux' and referenced column 'id' in foreign key constraint 'classes_id_niveaux_foreign' are incompatible. (SQL: alter table `classes` add constraint `classes_id_niveaux_foreign` foreign key (`id_niveaux`) references `niveaux` (`id`)) {"exception":"[object] (Illuminate\\Database\\QueryException(code: HY000): SQLSTATE[HY000]: General error: 3780 Referencing column 'id_niveaux' and referenced column 'id' in foreign key constraint 'classes_id_niveaux_foreign' are incompatible. (SQL: alter table `classes` add constraint `classes_id_niveaux_foreign` foreign key (`id_niveaux`) references `niveaux` (`id`)) at C:\\Users\\HP FOLIO 9470m\\Desktop\\StageProjet\\ismo-project\\vendor\\laravel\\framework\\src\\Illuminate\\Database\\Connection.php:760)
[previous exception] [object] (PDOException(code: HY000): SQLSTATE[HY000]: General error: 3780 Referencing column 'id_niveaux' and referenced column 'id' in foreign key constraint 'classes_id_niveaux_foreign' are incompatible. at C:\\Users\\HP FOLIO 9470m\\Desktop\\StageProjet\\ismo-project\\vendor\\laravel\\framework\\src\\Illuminate\\Database\\Connection.php:545)
[2023-03-24 13:58:43] local.ERROR: SQLSTATE[HY000]: General error: 3780 Referencing column 'id_niveaux' and referenced column 'id' in foreign key constraint 'modules_id_niveaux_foreign' are incompatible. (SQL: alter table `modules` add constraint `modules_id_niveaux_foreign` foreign key (`id_niveaux`) references `niveaux` (`id`)) {"exception":"[object] (Illuminate\\Database\\QueryException(code: HY000): SQLSTATE[HY000]: General error: 3780 Referencing column 'id_niveaux' and referenced column 'id' in foreign key constraint 'modules_id_niveaux_foreign' are incompatible. (SQL: alter table `modules` add constraint `modules_id_niveaux_foreign` foreign key (`id_niveaux`) references `niveaux` (`id`)) at C:\\Users\\HP FOLIO 9470m\\Desktop\\StageProjet\\ismo-project\\vendor\\laravel\\framework\\src\\Illuminate\\Database\\Connection.php:760)
[previous exception] [object] (PDOException(code: HY000): SQLSTATE[HY000]: General error: 3780 Referencing column 'id_niveaux' and referenced column 'id' in foreign key constraint 'modules_id_niveaux_foreign' are incompatible. at C:\\Users\\HP FOLIO 9470m\\Desktop\\StageProjet\\ismo-project\\vendor\\laravel\\framework\\src\\Illuminate\\Database\\Connection.php:545)
[2023-03-25 14:38:08] local.ERROR: syntax error, unexpected identifier "parent" {"exception":"[object] (ParseError(code: 0): syntax error, unexpected identifier \"parent\" at C:\\Users\\HP FOLIO 9470m\\Desktop\\StageProjet\\ismo-project\\app\\Models\\Inscription.php:39)
[2023-03-27 09:49:16] local.ERROR: syntax error, unexpected token ";", expecting identifier or variable or "{" or "$" {"exception":"[object] (ParseError(code: 0): syntax error, unexpected token \";\", expecting identifier or variable or \"{\" or \"$\" at C:\\Users\\HP FOLIO 9470m\\Desktop\\StageProjet\\ismo-project\\routes\\web.php:61)
[2023-03-27 10:21:10] local.ERROR: syntax error, unexpected identifier "name" {"exception":"[object] (ParseError(code: 0): syntax error, unexpected identifier \"name\" at C:\\Users\\HP FOLIO 9470m\\Desktop\\StageProjet\\ismo-project\\routes\\web.php:61)
[2023-03-27 15:29:29] local.ERROR: syntax error, unexpected token ";" {"exception":"[object] (ParseError(code: 0): syntax error, unexpected token \";\" at C:\\Users\\HP FOLIO 9470m\\Desktop\\StageProjet\\ismo-project\\routes\\web.php:61)
[2023-03-28 10:43:40] local.ERROR: syntax error, unexpected token "->", expecting identifier or variable or "{" or "$" {"exception":"[object] (ParseError(code: 0): syntax error, unexpected token \"->\", expecting identifier or variable or \"{\" or \"$\" at C:\\Users\\HP FOLIO 9470m\\Desktop\\StageProjet\\ismo-project\\routes\\web.php:62)
[2023-03-29 12:01:13] local.ERROR: SQLSTATE[HY000]: General error: 3780 Referencing column 'id_niveaux' and referenced column 'id' in foreign key constraint 'niveaux_filieres_id_niveaux_foreign' are incompatible. (SQL: alter table `niveaux_filieres` add constraint `niveaux_filieres_id_niveaux_foreign` foreign key (`id_niveaux`) references `niveaux` (`id`)) {"exception":"[object] (Illuminate\\Database\\QueryException(code: HY000): SQLSTATE[HY000]: General error: 3780 Referencing column 'id_niveaux' and referenced column 'id' in foreign key constraint 'niveaux_filieres_id_niveaux_foreign' are incompatible. (SQL: alter table `niveaux_filieres` add constraint `niveaux_filieres_id_niveaux_foreign` foreign key (`id_niveaux`) references `niveaux` (`id`)) at C:\\Users\\HP FOLIO 9470m\\Desktop\\StageProjet\\ismo-project\\vendor\\laravel\\framework\\src\\Illuminate\\Database\\Connection.php:760)
[previous exception] [object] (PDOException(code: HY000): SQLSTATE[HY000]: General error: 3780 Referencing column 'id_niveaux' and referenced column 'id' in foreign key constraint 'niveaux_filieres_id_niveaux_foreign' are incompatible. at C:\\Users\\HP FOLIO 9470m\\Desktop\\StageProjet\\ismo-project\\vendor\\laravel\\framework\\src\\Illuminate\\Database\\Connection.php:545)
[2023-03-29 14:47:28] local.ERROR: SQLSTATE[HY000]: General error: 3780 Referencing column 'id_filieres' and referenced column 'id' in foreign key constraint 'inscriptions_id_filieres_foreign' are incompatible. (SQL: alter table `inscriptions` add constraint `inscriptions_id_filieres_foreign` foreign key (`id_filieres`) references `filieres` (`id`) on delete cascade) {"exception":"[object] (Illuminate\\Database\\QueryException(code: HY000): SQLSTATE[HY000]: General error: 3780 Referencing column 'id_filieres' and referenced column 'id' in foreign key constraint 'inscriptions_id_filieres_foreign' are incompatible. (SQL: alter table `inscriptions` add constraint `inscriptions_id_filieres_foreign` foreign key (`id_filieres`) references `filieres` (`id`) on delete cascade) at C:\\Users\\HP FOLIO 9470m\\Desktop\\StageProjet\\ismo-project\\vendor\\laravel\\framework\\src\\Illuminate\\Database\\Connection.php:760)
[previous exception] [object] (PDOException(code: HY000): SQLSTATE[HY000]: General error: 3780 Referencing column 'id_filieres' and referenced column 'id' in foreign key constraint 'inscriptions_id_filieres_foreign' are incompatible. at C:\\Users\\HP FOLIO 9470m\\Desktop\\StageProjet\\ismo-project\\vendor\\laravel\\framework\\src\\Illuminate\\Database\\Connection.php:545)
